
*** crates/domain/src/kind.rs:73:9: replace <impl FromStr for BeadKind>::from_str -> Result<Self, Self::Err> with Ok(Default::default())

*** mutation diff:
--- crates/domain/src/kind.rs
+++ replace <impl FromStr for BeadKind>::from_str -> Result<Self, Self::Err> with Ok(Default::default())
@@ -65,26 +65,17 @@
 #[derive(Debug, Clone, PartialEq, Eq, thiserror::Error)]
 #[error("unknown bead kind `{0}`")]
 pub struct UnknownKind(pub String);
 
 impl FromStr for BeadKind {
     type Err = UnknownKind;
 
     fn from_str(s: &str) -> Result<Self, Self::Err> {
-        match s {
-            "epic" => Ok(Self::Epic),
-            "task" => Ok(Self::Task),
-            "verify" => Ok(Self::Verify),
-            "merge" => Ok(Self::Merge),
-            "question" => Ok(Self::Question),
-            "incident" => Ok(Self::Incident),
-            "reference" => Ok(Self::Reference),
-            other => Err(UnknownKind(other.to_owned())),
-        }
+        Ok(Default::default()) /* ~ changed by cargo-mutants ~ */
     }
 }
 
 impl fmt::Display for BeadKind {
     fn fmt(&self, f: &mut fmt::Formatter<'_>) -> fmt::Result {
         f.write_str(self.as_str())
     }
 }


*** /home/mazup/.rustup/toolchains/1.97.1-x86_64-unknown-linux-gnu/bin/cargo test --no-run --verbose --package=domain@0.1.0
       Fresh unicode-ident v1.0.24
       Fresh proc-macro2 v1.0.107
       Fresh cfg-if v1.0.4
       Fresh quote v1.0.47
       Fresh libc v0.2.189
       Fresh memchr v2.8.3
       Fresh regex-syntax v0.8.11
       Fresh unicode-segmentation v1.13.3
       Fresh semver v1.0.28
       Fresh rustc_version v0.4.1
       Fresh convert_case v0.11.0
       Fresh getrandom v0.3.4
       Fresh aho-corasick v1.1.5
       Fresh syn v3.0.4
       Fresh syn v2.0.119
       Fresh kinded_macros v0.5.0
       Fresh regex-automata v0.4.18
       Fresh rand_core v0.9.5
       Fresh autocfg v1.5.1
       Fresh bitflags v2.13.1
       Fresh linux-raw-sys v0.12.1
       Fresh zerocopy v0.8.56
       Fresh kinded v0.5.0
       Fresh regex v1.13.1
       Fresh urlencoding v2.1.3
       Fresh serde_core v1.0.229
       Fresh getrandom v0.4.3
       Fresh rustix v1.1.4
       Fresh once_cell v1.21.4
       Fresh fastrand v2.5.0
       Fresh ppv-lite86 v0.2.21
       Fresh nutype_macros v0.7.0
       Fresh tempfile v3.27.0
       Fresh serde_derive v1.0.229
       Fresh thiserror-impl v2.0.20
       Fresh wait-timeout v0.2.1
       Fresh quick-error v1.2.3
       Fresh fnv v1.0.7
       Fresh bit-vec v0.8.0
       Fresh nutype v0.7.0
       Fresh rand_chacha v0.9.0
       Fresh serde v1.0.229
       Fresh rusty-fork v0.3.1
       Fresh bit-set v0.8.0
       Fresh thiserror v2.0.20
       Fresh zmij v1.0.23
       Fresh num-traits v0.2.19
       Fresh rand_xorshift v0.4.0
       Fresh rand v0.9.5
       Fresh unarray v0.1.4
       Fresh itoa v1.0.18
       Fresh serde_json v1.0.151
       Fresh proptest v1.11.0
       Dirty domain v0.1.0 (/tmp/cargo-mutants-software-factory-rs-UbrhTR.tmp/crates/domain): the file `crates/domain/src/kind.rs` has changed (1788004951.955665629s, 2s after last build at 1788004949.715445437s)
   Compiling domain v0.1.0 (/tmp/cargo-mutants-software-factory-rs-UbrhTR.tmp/crates/domain)
     Running `/home/mazup/.rustup/toolchains/1.97.1-x86_64-unknown-linux-gnu/bin/rustc --crate-name domain --edition=2024 crates/domain/src/lib.rs --error-format=json --json=diagnostic-rendered-ansi,artifacts,future-incompat --emit=dep-info,link -C embed-bitcode=no -C debuginfo=2 '--warn=clippy::pedantic' '--deny=clippy::wildcard_enum_match_arm' '--deny=clippy::unwrap_used' --forbid=unsafe_code --warn=unreachable_pub '--deny=clippy::unreachable' '--deny=clippy::unimplemented' '--deny=clippy::todo' '--warn=clippy::result_large_err' '--deny=clippy::panic' '--deny=clippy::must_use_candidate' '--deny=clippy::missing_panics_doc' '--deny=clippy::missing_errors_doc' --warn=missing_debug_implementations '--deny=clippy::match_wildcard_for_single_variants' '--deny=clippy::indexing_slicing' '--deny=clippy::float_arithmetic' '--deny=clippy::expect_used' '--deny=clippy::cast_sign_loss' '--deny=clippy::cast_possible_truncation' '--deny=clippy::as_conversions' --test --cfg 'feature="default"' --cfg 'feature="serde"' --check-cfg 'cfg(docsrs,test)' --check-cfg 'cfg(feature, values("default", "serde"))' -C metadata=79946f0ea3b784d7 -C extra-filename=-f20da561f0e8e4a2 --out-dir /tmp/cargo-mutants-software-factory-rs-UbrhTR.tmp/target/debug/deps -C incremental=/tmp/cargo-mutants-software-factory-rs-UbrhTR.tmp/target/debug/incremental -L dependency=/tmp/cargo-mutants-software-factory-rs-UbrhTR.tmp/target/debug/deps --extern nutype=/tmp/cargo-mutants-software-factory-rs-UbrhTR.tmp/target/debug/deps/libnutype-b7082041131f3d4d.rlib --extern proptest=/tmp/cargo-mutants-software-factory-rs-UbrhTR.tmp/target/debug/deps/libproptest-a5424e25ae7094d1.rlib --extern regex=/tmp/cargo-mutants-software-factory-rs-UbrhTR.tmp/target/debug/deps/libregex-1bab32067722757b.rlib --extern serde=/tmp/cargo-mutants-software-factory-rs-UbrhTR.tmp/target/debug/deps/libserde-0f04babe2b5427d9.rlib --extern serde_json=/tmp/cargo-mutants-software-factory-rs-UbrhTR.tmp/target/debug/deps/libserde_json-1f53e1b7a8e26068.rlib --extern thiserror=/tmp/cargo-mutants-software-factory-rs-UbrhTR.tmp/target/debug/deps/libthiserror-7d88433474753d69.rlib`
     Running `/home/mazup/.rustup/toolchains/1.97.1-x86_64-unknown-linux-gnu/bin/rustc --crate-name domain --edition=2024 crates/domain/src/lib.rs --error-format=json --json=diagnostic-rendered-ansi,artifacts,future-incompat --crate-type lib --emit=dep-info,metadata,link -C embed-bitcode=no -C debuginfo=2 '--warn=clippy::pedantic' '--deny=clippy::wildcard_enum_match_arm' '--deny=clippy::unwrap_used' --forbid=unsafe_code --warn=unreachable_pub '--deny=clippy::unreachable' '--deny=clippy::unimplemented' '--deny=clippy::todo' '--warn=clippy::result_large_err' '--deny=clippy::panic' '--deny=clippy::must_use_candidate' '--deny=clippy::missing_panics_doc' '--deny=clippy::missing_errors_doc' --warn=missing_debug_implementations '--deny=clippy::match_wildcard_for_single_variants' '--deny=clippy::indexing_slicing' '--deny=clippy::float_arithmetic' '--deny=clippy::expect_used' '--deny=clippy::cast_sign_loss' '--deny=clippy::cast_possible_truncation' '--deny=clippy::as_conversions' --cfg 'feature="default"' --cfg 'feature="serde"' --check-cfg 'cfg(docsrs,test)' --check-cfg 'cfg(feature, values("default", "serde"))' -C metadata=8df85095dbee77dc -C extra-filename=-f589de76ff73657e --out-dir /tmp/cargo-mutants-software-factory-rs-UbrhTR.tmp/target/debug/deps -C incremental=/tmp/cargo-mutants-software-factory-rs-UbrhTR.tmp/target/debug/incremental -L dependency=/tmp/cargo-mutants-software-factory-rs-UbrhTR.tmp/target/debug/deps --extern nutype=/tmp/cargo-mutants-software-factory-rs-UbrhTR.tmp/target/debug/deps/libnutype-b7082041131f3d4d.rmeta --extern regex=/tmp/cargo-mutants-software-factory-rs-UbrhTR.tmp/target/debug/deps/libregex-1bab32067722757b.rmeta --extern serde=/tmp/cargo-mutants-software-factory-rs-UbrhTR.tmp/target/debug/deps/libserde-0f04babe2b5427d9.rmeta --extern thiserror=/tmp/cargo-mutants-software-factory-rs-UbrhTR.tmp/target/debug/deps/libthiserror-7d88433474753d69.rmeta`
error[E0277]: the trait bound `BeadKind: Default` is not satisfied
  --> crates/domain/src/kind.rs:73:12
   |
73 |         Ok(Default::default()) /* ~ changed by cargo-mutants ~ */
   |            ^^^^^^^^^^^^^^^^^^ the trait `Default` is not implemented for `BeadKind`
   |
help: consider annotating `BeadKind` with `#[derive(Default)]`
   |
10 + #[derive(Default)]
11 | pub enum BeadKind {
   |

error[E0277]: the trait bound `kind::BeadKind: Default` is not satisfied
  --> crates/domain/src/kind.rs:73:12
   |
73 |         Ok(Default::default()) /* ~ changed by cargo-mutants ~ */
   |            ^^^^^^^^^^^^^^^^^^ the trait `Default` is not implemented for `kind::BeadKind`
   |
help: consider annotating `kind::BeadKind` with `#[derive(Default)]`
   |
10 + #[derive(Default)]
11 | pub enum BeadKind {
   |

For more information about this error, try `rustc --explain E0277`.
error: could not compile `domain` (lib) due to 1 previous error

Caused by:
  process didn't exit successfully: `/home/mazup/.rustup/toolchains/1.97.1-x86_64-unknown-linux-gnu/bin/rustc --crate-name domain --edition=2024 crates/domain/src/lib.rs --error-format=json --json=diagnostic-rendered-ansi,artifacts,future-incompat --crate-type lib --emit=dep-info,metadata,link -C embed-bitcode=no -C debuginfo=2 '--warn=clippy::pedantic' '--deny=clippy::wildcard_enum_match_arm' '--deny=clippy::unwrap_used' --forbid=unsafe_code --warn=unreachable_pub '--deny=clippy::unreachable' '--deny=clippy::unimplemented' '--deny=clippy::todo' '--warn=clippy::result_large_err' '--deny=clippy::panic' '--deny=clippy::must_use_candidate' '--deny=clippy::missing_panics_doc' '--deny=clippy::missing_errors_doc' --warn=missing_debug_implementations '--deny=clippy::match_wildcard_for_single_variants' '--deny=clippy::indexing_slicing' '--deny=clippy::float_arithmetic' '--deny=clippy::expect_used' '--deny=clippy::cast_sign_loss' '--deny=clippy::cast_possible_truncation' '--deny=clippy::as_conversions' --cfg 'feature="default"' --cfg 'feature="serde"' --check-cfg 'cfg(docsrs,test)' --check-cfg 'cfg(feature, values("default", "serde"))' -C metadata=8df85095dbee77dc -C extra-filename=-f589de76ff73657e --out-dir /tmp/cargo-mutants-software-factory-rs-UbrhTR.tmp/target/debug/deps -C incremental=/tmp/cargo-mutants-software-factory-rs-UbrhTR.tmp/target/debug/incremental -L dependency=/tmp/cargo-mutants-software-factory-rs-UbrhTR.tmp/target/debug/deps --extern nutype=/tmp/cargo-mutants-software-factory-rs-UbrhTR.tmp/target/debug/deps/libnutype-b7082041131f3d4d.rmeta --extern regex=/tmp/cargo-mutants-software-factory-rs-UbrhTR.tmp/target/debug/deps/libregex-1bab32067722757b.rmeta --extern serde=/tmp/cargo-mutants-software-factory-rs-UbrhTR.tmp/target/debug/deps/libserde-0f04babe2b5427d9.rmeta --extern thiserror=/tmp/cargo-mutants-software-factory-rs-UbrhTR.tmp/target/debug/deps/libthiserror-7d88433474753d69.rmeta` (exit status: 1)
warning: build failed, waiting for other jobs to finish...
error: could not compile `domain` (lib test) due to 1 previous error

Caused by:
  process didn't exit successfully: `/home/mazup/.rustup/toolchains/1.97.1-x86_64-unknown-linux-gnu/bin/rustc --crate-name domain --edition=2024 crates/domain/src/lib.rs --error-format=json --json=diagnostic-rendered-ansi,artifacts,future-incompat --emit=dep-info,link -C embed-bitcode=no -C debuginfo=2 '--warn=clippy::pedantic' '--deny=clippy::wildcard_enum_match_arm' '--deny=clippy::unwrap_used' --forbid=unsafe_code --warn=unreachable_pub '--deny=clippy::unreachable' '--deny=clippy::unimplemented' '--deny=clippy::todo' '--warn=clippy::result_large_err' '--deny=clippy::panic' '--deny=clippy::must_use_candidate' '--deny=clippy::missing_panics_doc' '--deny=clippy::missing_errors_doc' --warn=missing_debug_implementations '--deny=clippy::match_wildcard_for_single_variants' '--deny=clippy::indexing_slicing' '--deny=clippy::float_arithmetic' '--deny=clippy::expect_used' '--deny=clippy::cast_sign_loss' '--deny=clippy::cast_possible_truncation' '--deny=clippy::as_conversions' --test --cfg 'feature="default"' --cfg 'feature="serde"' --check-cfg 'cfg(docsrs,test)' --check-cfg 'cfg(feature, values("default", "serde"))' -C metadata=79946f0ea3b784d7 -C extra-filename=-f20da561f0e8e4a2 --out-dir /tmp/cargo-mutants-software-factory-rs-UbrhTR.tmp/target/debug/deps -C incremental=/tmp/cargo-mutants-software-factory-rs-UbrhTR.tmp/target/debug/incremental -L dependency=/tmp/cargo-mutants-software-factory-rs-UbrhTR.tmp/target/debug/deps --extern nutype=/tmp/cargo-mutants-software-factory-rs-UbrhTR.tmp/target/debug/deps/libnutype-b7082041131f3d4d.rlib --extern proptest=/tmp/cargo-mutants-software-factory-rs-UbrhTR.tmp/target/debug/deps/libproptest-a5424e25ae7094d1.rlib --extern regex=/tmp/cargo-mutants-software-factory-rs-UbrhTR.tmp/target/debug/deps/libregex-1bab32067722757b.rlib --extern serde=/tmp/cargo-mutants-software-factory-rs-UbrhTR.tmp/target/debug/deps/libserde-0f04babe2b5427d9.rlib --extern serde_json=/tmp/cargo-mutants-software-factory-rs-UbrhTR.tmp/target/debug/deps/libserde_json-1f53e1b7a8e26068.rlib --extern thiserror=/tmp/cargo-mutants-software-factory-rs-UbrhTR.tmp/target/debug/deps/libthiserror-7d88433474753d69.rlib` (exit status: 1)

*** result: Failure(101)
